\BOOKMARK [1][-]{section.1}{\376\377\000P\000r\000o\000b\000l\000e\000m\000\040\000S\000e\000t\000u\000p}{}% 1
\BOOKMARK [2][-]{subsection.1.1}{\376\377\000T\000e\000s\000t\000\040\000C\000a\000s\000e\000\040\000P\000a\000r\000a\000m\000e\000t\000e\000r\000s\000\040\000\050\000G\000o\000l\000d\000\051}{section.1}% 2
\BOOKMARK [1][-]{section.2}{\376\377\000S\000e\000l\000f\000-\000S\000i\000m\000i\000l\000a\000r\000\040\000C\000o\000o\000r\000d\000i\000n\000a\000t\000e\000s\000\040\000a\000n\000d\000\040\000E\000x\000p\000o\000n\000e\000n\000t\000s}{}% 3
\BOOKMARK [2][-]{subsection.2.1}{\376\377\000S\000u\000b\000s\000o\000n\000i\000c\000\040\000\050\000A\000b\000l\000a\000t\000i\000o\000n\000\051\000\040\000S\000e\000l\000f\000-\000S\000i\000m\000i\000l\000a\000r\000\040\000C\000o\000o\000r\000d\000i\000n\000a\000t\000e}{section.2}% 4
\BOOKMARK [2][-]{subsection.2.2}{\376\377\000S\000e\000l\000f\000-\000S\000i\000m\000i\000l\000a\000r\000\040\000P\000r\000o\000f\000i\000l\000e\000\040\000E\000x\000p\000o\000n\000e\000n\000t\000s}{section.2}% 5
\BOOKMARK [2][-]{subsection.2.3}{\376\377\000S\000h\000o\000c\000k\000\040\000S\000e\000l\000f\000-\000S\000i\000m\000i\000l\000a\000r\000\040\000C\000o\000o\000r\000d\000i\000n\000a\000t\000e}{section.2}% 6
\BOOKMARK [1][-]{section.3}{\376\377\000P\000a\000r\000t\000\040\0001\000:\000\040\000A\000l\000l\000\040\000P\000r\000o\000f\000i\000l\000e\000s\000\040\000i\000n\000\040\000B\000o\000t\000h\000\040\000R\000e\000g\000i\000m\000e\000s}{}% 7
\BOOKMARK [2][-]{subsection.3.1}{\376\377\000S\000u\000b\000s\000o\000n\000i\000c\000\040\000\050\000A\000b\000l\000a\000t\000i\000o\000n\000\051\000\040\000R\000e\000g\000i\000m\000e\000\040\000\050\000m\000\040\000<\000\040\000m\000f\000\050\000t\000\051\000\051}{section.3}% 8
\BOOKMARK [3][-]{subsubsection.3.1.1}{\376\377\000S\000p\000e\000c\000i\000f\000i\000c\000\040\000V\000o\000l\000u\000m\000e}{subsection.3.1}% 9
\BOOKMARK [3][-]{subsubsection.3.1.2}{\376\377\000D\000e\000n\000s\000i\000t\000y}{subsection.3.1}% 10
\BOOKMARK [3][-]{subsubsection.3.1.3}{\376\377\000V\000e\000l\000o\000c\000i\000t\000y}{subsection.3.1}% 11
\BOOKMARK [3][-]{subsubsection.3.1.4}{\376\377\000P\000r\000e\000s\000s\000u\000r\000e}{subsection.3.1}% 12
\BOOKMARK [3][-]{subsubsection.3.1.5}{\376\377\000T\000e\000m\000p\000e\000r\000a\000t\000u\000r\000e}{subsection.3.1}% 13
\BOOKMARK [3][-]{subsubsection.3.1.6}{\376\377\000S\000p\000e\000c\000i\000f\000i\000c\000\040\000I\000n\000t\000e\000r\000n\000a\000l\000\040\000E\000n\000e\000r\000g\000y}{subsection.3.1}% 14
\BOOKMARK [3][-]{subsubsection.3.1.7}{\376\377\000R\000a\000d\000i\000a\000t\000i\000o\000n\000\040\000E\000n\000e\000r\000g\000y\000\040\000F\000l\000u\000x}{subsection.3.1}% 15
\BOOKMARK [2][-]{subsection.3.2}{\376\377\000S\000h\000o\000c\000k\000\040\000R\000e\000g\000i\000m\000e\000\040\000\050\000m\000\040\000m\000f\000\050\000t\000\051\000,\000\040\000s\000h\000o\000c\000k\000\040\000s\000\051}{section.3}% 16
\BOOKMARK [3][-]{subsubsection.3.2.1}{\376\377\000S\000p\000e\000c\000i\000f\000i\000c\000\040\000V\000o\000l\000u\000m\000e}{subsection.3.2}% 17
\BOOKMARK [3][-]{subsubsection.3.2.2}{\376\377\000D\000e\000n\000s\000i\000t\000y}{subsection.3.2}% 18
\BOOKMARK [3][-]{subsubsection.3.2.3}{\376\377\000V\000e\000l\000o\000c\000i\000t\000y}{subsection.3.2}% 19
\BOOKMARK [3][-]{subsubsection.3.2.4}{\376\377\000P\000r\000e\000s\000s\000u\000r\000e}{subsection.3.2}% 20
\BOOKMARK [3][-]{subsubsection.3.2.5}{\376\377\000T\000e\000m\000p\000e\000r\000a\000t\000u\000r\000e\000\040\000\050\000v\000i\000a\000\040\000E\000O\000S\000\051}{subsection.3.2}% 21
\BOOKMARK [3][-]{subsubsection.3.2.6}{\376\377\000S\000p\000e\000c\000i\000f\000i\000c\000\040\000I\000n\000t\000e\000r\000n\000a\000l\000\040\000E\000n\000e\000r\000g\000y}{subsection.3.2}% 22
\BOOKMARK [3][-]{subsubsection.3.2.7}{\376\377\000R\000a\000d\000i\000a\000t\000i\000o\000n\000\040\000E\000n\000e\000r\000g\000y\000\040\000F\000l\000u\000x}{subsection.3.2}% 23
\BOOKMARK [3][-]{subsubsection.3.2.8}{\376\377\000H\000u\000g\000o\000n\000i\000o\000t\000\040\000J\000u\000m\000p\000\040\000R\000e\000l\000a\000t\000i\000o\000n\000s\000\040\000a\000t\000\040\000t\000h\000e\000\040\000S\000h\000o\000c\000k\000\040\000F\000r\000o\000n\000t\000\040\000\050\000s\000\040\000=\000\040\000s\000\051}{subsection.3.2}% 24
\BOOKMARK [2][-]{subsection.3.3}{\376\377\000U\000n\000s\000h\000o\000c\000k\000e\000d\000\040\000R\000e\000g\000i\000o\000n\000\040\000\050\000s\000h\000o\000c\000k\000\040\000>\000\040\000s\000\051}{section.3}% 25
\BOOKMARK [1][-]{section.4}{\376\377\000P\000a\000r\000t\000\040\0002\000:\000\040\000A\000l\000l\000\040\000V\000a\000r\000i\000a\000b\000l\000e\000s\000\040\000i\000n\000\040\000L\000a\000g\000r\000a\000n\000g\000i\000a\000n\000\040\000a\000n\000d\000\040\000E\000u\000l\000e\000r\000i\000a\000n\000\040\000C\000o\000o\000r\000d\000i\000n\000a\000t\000e\000s}{}% 26
\BOOKMARK [2][-]{subsection.4.1}{\376\377\000S\000u\000b\000s\000o\000n\000i\000c\000\040\000\050\000A\000b\000l\000a\000t\000i\000o\000n\000\051\000\040\000R\000e\000g\000i\000m\000e\000\040\000V\000a\000r\000i\000a\000b\000l\000e\000s}{section.4}% 27
\BOOKMARK [3][-]{subsubsection.4.1.1}{\376\377\000A\000b\000l\000a\000t\000i\000o\000n\000\040\000B\000o\000u\000n\000d\000a\000r\000y\000\040\000\050\000m\000=\0000\000\051}{subsection.4.1}% 28
\BOOKMARK [3][-]{subsubsection.4.1.2}{\376\377\000A\000b\000l\000a\000t\000i\000o\000n\000\040\000\050\000H\000e\000a\000t\000\051\000\040\000F\000r\000o\000n\000t}{subsection.4.1}% 29
\BOOKMARK [3][-]{subsubsection.4.1.3}{\376\377\000D\000i\000s\000t\000a\000n\000c\000e\000\040\000f\000r\000o\000m\000\040\000B\000o\000u\000n\000d\000a\000r\000y\000\040\000t\000o\000\040\000A\000b\000l\000a\000t\000i\000o\000n\000\040\000F\000r\000o\000n\000t}{subsection.4.1}% 30
\BOOKMARK [3][-]{subsubsection.4.1.4}{\376\377\000S\000u\000b\000s\000o\000n\000i\000c\000\040\000R\000e\000g\000i\000o\000n\000\040\000P\000o\000s\000i\000t\000i\000o\000n\000\040\000x\000s\000u\000b\000\050\000m\000,\000t\000\051}{subsection.4.1}% 31
\BOOKMARK [2][-]{subsection.4.2}{\376\377\000S\000h\000o\000c\000k\000\040\000R\000e\000g\000i\000m\000e\000\040\000V\000a\000r\000i\000a\000b\000l\000e\000s}{section.4}% 32
\BOOKMARK [3][-]{subsubsection.4.2.1}{\376\377\000M\000a\000t\000c\000h\000i\000n\000g\000\040\000C\000o\000n\000d\000i\000t\000i\000o\000n\000s}{subsection.4.2}% 33
\BOOKMARK [3][-]{subsubsection.4.2.2}{\376\377\000S\000h\000o\000c\000k\000\040\000F\000r\000o\000n\000t}{subsection.4.2}% 34
\BOOKMARK [3][-]{subsubsection.4.2.3}{\376\377\000A\000b\000l\000a\000t\000i\000o\000n\000\040\000F\000r\000o\000n\000t\000\040\000P\000o\000s\000i\000t\000i\000o\000n\000\040\000\050\000i\000n\000\040\000t\000h\000e\000\040\000P\000a\000t\000c\000h\000e\000d\000\040\000P\000r\000o\000b\000l\000e\000m\000\051}{subsection.4.2}% 35
\BOOKMARK [3][-]{subsubsection.4.2.4}{\376\377\000D\000i\000s\000t\000a\000n\000c\000e\000:\000\040\000A\000b\000l\000a\000t\000i\000o\000n\000\040\000F\000r\000o\000n\000t\000\040\000t\000o\000\040\000S\000h\000o\000c\000k\000\040\000F\000r\000o\000n\000t}{subsection.4.2}% 36
\BOOKMARK [3][-]{subsubsection.4.2.5}{\376\377\000S\000h\000o\000c\000k\000\040\000R\000e\000g\000i\000o\000n\000\040\000P\000o\000s\000i\000t\000i\000o\000n\000\040\000x\000s\000h\000o\000c\000k\000\050\000m\000,\000t\000\051}{subsection.4.2}% 37
\BOOKMARK [2][-]{subsection.4.3}{\376\377\000E\000n\000e\000r\000g\000y\000\040\000I\000n\000t\000e\000g\000r\000a\000l\000s}{section.4}% 38
\BOOKMARK [3][-]{subsubsection.4.3.1}{\376\377\000S\000u\000b\000s\000o\000n\000i\000c\000\040\000R\000e\000g\000i\000m\000e}{subsection.4.3}% 39
\BOOKMARK [3][-]{subsubsection.4.3.2}{\376\377\000S\000h\000o\000c\000k\000\040\000R\000e\000g\000i\000m\000e\000\040\000\050\000=\0000\000\051}{subsection.4.3}% 40
\BOOKMARK [2][-]{subsection.4.4}{\376\377\000A\000l\000b\000e\000d\000o\000\040\000a\000n\000d\000\040\000S\000u\000r\000f\000a\000c\000e\000\040\000F\000l\000u\000x}{section.4}% 41
\BOOKMARK [1][-]{section.5}{\376\377\000P\000a\000r\000t\000\040\0002\000\040\000\050\000c\000o\000n\000t\000.\000\051\000:\000\040\000N\000u\000m\000e\000r\000i\000c\000\040\000V\000a\000l\000u\000e\000s\000\040\000f\000o\000r\000\040\000t\000h\000e\000\040\000T\000w\000o\000\040\000T\000e\000s\000t\000\040\000C\000a\000s\000e\000s}{}% 42
\BOOKMARK [2][-]{subsection.5.1}{\376\377\000=\000\040\0000\000\040\000\050\000C\000o\000n\000s\000t\000a\000n\000t\000\040\000B\000o\000u\000n\000d\000a\000r\000y\000\040\000T\000e\000m\000p\000e\000r\000a\000t\000u\000r\000e\000\051}{section.5}% 43
\BOOKMARK [2][-]{subsection.5.2}{\376\377\000=\000\040\0000\000.\0001\0002\0003\000\040\000\050\000C\000o\000n\000s\000t\000a\000n\000t\000\040\000F\000l\000u\000x\000\040\000T\000e\000m\000p\000e\000r\000a\000t\000u\000r\000e\000\051}{section.5}% 44
\BOOKMARK [1][-]{section.6}{\376\377\000P\000a\000r\000t\000\040\0003\000:\000\040\000S\000e\000l\000f\000-\000S\000i\000m\000i\000l\000a\000r\000\040\000P\000r\000o\000f\000i\000l\000e\000\040\000F\000i\000t\000s\000\040\000a\000n\000d\000\040\000E\000x\000p\000l\000i\000c\000i\000t\000\040\000F\000o\000r\000m\000u\000l\000a\000s}{}% 45
\BOOKMARK [2][-]{subsection.6.1}{\376\377\000S\000u\000b\000s\000o\000n\000i\000c\000\040\000S\000e\000l\000f\000-\000S\000i\000m\000i\000l\000a\000r\000\040\000P\000r\000o\000f\000i\000l\000e\000\040\000F\000i\000t\000s}{section.6}% 46
\BOOKMARK [3][-]{subsubsection.6.1.1}{\376\377\000=\000\040\0000\000\040\000\050\000C\000o\000n\000s\000t\000a\000n\000t\000\040\000B\000o\000u\000n\000d\000a\000r\000y\000\040\000T\000e\000m\000p\000e\000r\000a\000t\000u\000r\000e\000\051}{subsection.6.1}% 47
\BOOKMARK [3][-]{subsubsection.6.1.2}{\376\377\000=\000\040\0000\000.\0001\0002\0003\000\040\000\050\000C\000o\000n\000s\000t\000a\000n\000t\000\040\000F\000l\000u\000x\000\040\000T\000e\000m\000p\000e\000r\000a\000t\000u\000r\000e\000\051}{subsection.6.1}% 48
\BOOKMARK [2][-]{subsection.6.2}{\376\377\000S\000u\000b\000s\000t\000i\000t\000u\000t\000i\000n\000g\000\040\000F\000i\000t\000s\000\040\000i\000n\000t\000o\000\040\000D\000i\000m\000e\000n\000s\000i\000o\000n\000a\000l\000\040\000P\000r\000o\000f\000i\000l\000e\000s}{section.6}% 49
\BOOKMARK [3][-]{subsubsection.6.2.1}{\376\377\000P\000r\000e\000s\000s\000u\000r\000e\000\040\000p\000\050\000m\000,\000t\000\051\000\040\040\024\000\040\000E\000x\000p\000l\000i\000c\000i\000t\000\040\000F\000o\000r\000m\000u\000l\000a}{subsection.6.2}% 50
\BOOKMARK [3][-]{subsubsection.6.2.2}{\376\377\000T\000e\000m\000p\000e\000r\000a\000t\000u\000r\000e\000\040\000T\000\050\000m\000,\000t\000\051\000\040\040\024\000\040\000E\000x\000p\000l\000i\000c\000i\000t\000\040\000F\000o\000r\000m\000u\000l\000a}{subsection.6.2}% 51
\BOOKMARK [3][-]{subsubsection.6.2.3}{\376\377\000V\000e\000l\000o\000c\000i\000t\000y\000\040\000u\000\050\000m\000,\000t\000\051\000\040\040\024\000\040\000E\000x\000p\000l\000i\000c\000i\000t\000\040\000F\000o\000r\000m\000u\000l\000a}{subsection.6.2}% 52
\BOOKMARK [3][-]{subsubsection.6.2.4}{\376\377\000S\000p\000e\000c\000i\000f\000i\000c\000\040\000V\000o\000l\000u\000m\000e\000\040\000/\000\040\000D\000e\000n\000s\000i\000t\000y\000\040\040\024\000\040\000E\000x\000p\000l\000i\000c\000i\000t\000\040\000F\000o\000r\000m\000u\000l\000a}{subsection.6.2}% 53
\BOOKMARK [3][-]{subsubsection.6.2.5}{\376\377\000F\000l\000u\000x\000\040\000s\000\050\000m\000,\000t\000\051\000\040\040\024\000\040\000E\000x\000p\000l\000i\000c\000i\000t\000\040\000F\000o\000r\000m\000u\000l\000a}{subsection.6.2}% 54
\BOOKMARK [2][-]{subsection.6.3}{\376\377\000C\000o\000n\000v\000e\000r\000t\000i\000n\000g\000\040\000f\000r\000o\000m\000\040\000p\000\050\000m\000,\000t\000\051\000\040\000t\000o\000\040\000p\000\050\000x\000,\000t\000\051\000\040\000i\000n\000\040\000t\000h\000e\000\040\000S\000u\000b\000s\000o\000n\000i\000c\000\040\000R\000e\000g\000i\000o\000n}{section.6}% 55
\BOOKMARK [2][-]{subsection.6.4}{\376\377\000S\000h\000o\000c\000k\000\040\000R\000e\000g\000i\000m\000e\000:\000\040\000P\000r\000o\000f\000i\000l\000e\000s\000\040\000a\000s\000\040\000F\000u\000n\000c\000t\000i\000o\000n\000s\000\040\000o\000f\000\040\000x}{section.6}% 56
\BOOKMARK [1][-]{section.7}{\376\377\000S\000h\000o\000c\000k\000\040\000R\000e\000g\000i\000m\000e\000:\000\040\000S\000e\000l\000f\000-\000S\000i\000m\000i\000l\000a\000r\000\040\000P\000r\000o\000f\000i\000l\000e\000\040\000S\000t\000r\000u\000c\000t\000u\000r\000e}{}% 57
\BOOKMARK [1][-]{appendix.A}{\376\377\000D\000e\000r\000i\000v\000a\000t\000i\000o\000n\000\040\000o\000f\000\040\000t\000h\000e\000\040\000B\000o\000u\000n\000d\000a\000r\000y\000\040\000P\000o\000s\000i\000t\000i\000o\000n}{}% 58
\BOOKMARK [1][-]{appendix.B}{\376\377\000D\000e\000r\000i\000v\000a\000t\000i\000o\000n\000\040\000o\000f\000\040\000t\000h\000e\000\040\000A\000b\000l\000a\000t\000i\000o\000n\000\040\000F\000r\000o\000n\000t\000\040\000P\000o\000s\000i\000t\000i\000o\000n\000\040\000I\000d\000e\000n\000t\000i\000t\000y}{}% 59
\BOOKMARK [1][-]{appendix.C}{\376\377\000D\000e\000r\000i\000v\000a\000t\000i\000o\000n\000\040\000o\000f\000\040\000t\000h\000e\000\040\000C\000l\000o\000s\000e\000d\000-\000F\000o\000r\000m\000\040\000P\000o\000s\000i\000t\000i\000o\000n\000\040\000x\000\050\000m\000,\000t\000\051}{}% 60
\BOOKMARK [1][-]{appendix.D}{\376\377\000D\000e\000r\000i\000v\000a\000t\000i\000o\000n\000\040\000o\000f\000\040\000t\000h\000e\000\040\000B\000a\000t\000h\000\040\000T\000e\000m\000p\000e\000r\000a\000t\000u\000r\000e}{}% 61
\BOOKMARK [1][-]{appendix.E}{\376\377\000S\000h\000o\000c\000k\000\040\000V\000\040\000I\000n\000t\000e\000g\000r\000a\000l\000\040\000I\000d\000e\000n\000t\000i\000t\000y}{}% 62
\BOOKMARK [1][-]{appendix.F}{\376\377\000E\000n\000e\000r\000g\000y\000\040\000I\000n\000t\000e\000g\000r\000a\000l\000\040\000I\000d\000e\000n\000t\000i\000t\000y}{}% 63
